# cenario=leader_failure_no_probe: lider sai do ar com a Probe muda
@301 ========================================
@301 Iniciando NODE 0
@301 ========================================
@301 [LEDS] IDLE: todos acesos. Logica invertida: LOW=ligado, HIGH=desligado
@301 [PROBE 00] CAPS=CAN_MONITOR,SERIAL_INSTRUMENTATION LOCAL_PROFILE=NONE
@301 [NODE 0] [FALHA] Modulo de falha real inicializado; simulacao por software removida
@301 [NODE 0] [HB] modo=3 periodo=1000 ms
@301 [GW] BLE scanner disabled on Probe 00
@301 [GW] Plano de dados wireless: CMD TARGET=NN.CC ACTION=... TX=...
@301 [GW] Metricas do barramento: METRICS ON|OFF|RESET
@301 [GW] Ensaios: FAULT POWER_CYCLE|SILENCE|AP_OUTAGE|DROP_SESSION|LOAD|CANCEL
@301 [GW] Probe 00 ativada
@301 [GW] Instrumentacao externa: nao participa da eleicao, TDMA ou sensoriamento
@301 [GW] Interface serial da Probe 00 pronta
@301 [GW] Iniciar eleicao: 22 00 FF 01
@301 [GW] Solicitar status: 22 20 FF 00
@301 [GW] Velocidade heartbeat: 22 30 FF 01..05
@301 [PROBE 00] FIRMWARE=0.18.0 FEATURES=WIRELESS_DATA,BUS_METRICS,FAULT_INJECTION,FAILOVER
# t=601 node=1 ligado
# t=901 node=2 ligado
# t=1201 node=3 ligado
# t=1201 comando: 22 00 FF 01
@1201 [GW] Comando enviado: 22 00 FF 01
@1201 [GW] Gateway nao participa da eleicao
@1202 [GW] No descoberto: NODE 1
@1202 [GW] ELEICAO recebida de NODE 1
@1202 [GW] No descoberto: NODE 2
@1202 [GW] ELEICAO recebida de NODE 2
@1202 [GW] No descoberto: NODE 3
@1202 [GW] ELEICAO recebida de NODE 3
@1301 [GW] BUS_STATS t_ms=1300 win_ms=1000 frames=4 bits=264 load=0.05 peak=0.52 rx_err=0 tx_err=0 eflg=0x00 rx_peak=3 ids=2 xfer_ok=0 xfer_err=0 own=1 untracked=0
@2301 [GW] BUS_STATS t_ms=2300 win_ms=1000 frames=0 bits=0 load=0.00 peak=0.00 rx_err=0 tx_err=0 eflg=0x00 rx_peak=3 ids=2 xfer_ok=0 xfer_err=0 own=0 untracked=0
@3301 [GW] BUS_STATS t_ms=3300 win_ms=1000 frames=0 bits=0 load=0.00 peak=0.00 rx_err=0 tx_err=0 eflg=0x00 rx_peak=3 ids=2 xfer_ok=0 xfer_err=0 own=0 untracked=0
@4301 [GW] BUS_STATS t_ms=4300 win_ms=1000 frames=0 bits=0 load=0.00 peak=0.00 rx_err=0 tx_err=0 eflg=0x00 rx_peak=3 ids=2 xfer_ok=0 xfer_err=0 own=0 untracked=0
@5301 [GW] BUS_STATS t_ms=5300 win_ms=1000 frames=0 bits=0 load=0.00 peak=0.00 rx_err=0 tx_err=0 eflg=0x00 rx_peak=3 ids=2 xfer_ok=0 xfer_err=0 own=0 untracked=0
@6201 [GW] ID_STATS id=0x080 win_ms=5000 n=1 dlc=4 bits=84 dt_min_us=0 dt_avg_us=0 dt_max_us=0
@6201 [GW] CONTROLE RX 23 50 1 1
@6201 [GW] Atualizacao de status recebida: [STATUS] NODE 1 estado=ATIVO
@6201 [GW] CONTROLE RX 23 50 2 1
@6201 [GW] Atualizacao de status recebida: [STATUS] NODE 2 estado=ATIVO
@6201 [GW] CONTROLE RX 23 50 3 0
@6201 [GW] Atualizacao de status recebida: [STATUS] NODE 3 estado=LIDER
@6202 [GW] CONTROLE RX 22 20 FF 0
@6202 [NODE 0] [STATUS TX] codigo=4
@6202 [GW] CONTROLE RX 23 21 1 1
@6202 [NODE 0] [STATUS RX] NODE 1 estado=ATIVO
@6202 [GW] CONTROLE RX 23 21 2 1
@6202 [NODE 0] [STATUS RX] NODE 2 estado=ATIVO
@6241 [GW] ID_STATS id=0x050 win_ms=5039 n=3 dlc=1 bits=180 dt_min_us=37 dt_avg_us=37 dt_max_us=37
@6301 [GW] BUS_STATS t_ms=6300 win_ms=1000 frames=7 bits=588 load=0.11 peak=1.17 rx_err=0 tx_err=0 eflg=0x00 rx_peak=3 ids=2 xfer_ok=0 xfer_err=0 own=1 untracked=0
@7301 [GW] BUS_STATS t_ms=7300 win_ms=1000 frames=0 bits=0 load=0.00 peak=0.00 rx_err=0 tx_err=0 eflg=0x00 rx_peak=3 ids=2 xfer_ok=0 xfer_err=0 own=0 untracked=0
@7701 [GW] Lider anunciado: NODE 3
@7701 [GW] CONTROLE RX 23 50 3 0
@7701 [GW] Atualizacao de status recebida: [STATUS] NODE 3 estado=LIDER
@8301 [GW] BUS_STATS t_ms=8300 win_ms=1000 frames=2 bits=144 load=0.02 peak=0.28 rx_err=0 tx_err=0 eflg=0x00 rx_peak=3 ids=3 xfer_ok=0 xfer_err=0 own=0 untracked=0
@8701 [GW] CONTROLE RX 23 50 3 0
@8701 [GW] Atualizacao de status recebida: [STATUS] NODE 3 estado=LIDER
@8701 [GW] HEARTBEAT lider=3 rodada=0 sensores_ativos=2 modo=3 periodo=1000 ms
@9301 [GW] BUS_STATS t_ms=9300 win_ms=1000 frames=2 bits=179 load=0.03 peak=0.35 rx_err=0 tx_err=0 eflg=0x00 rx_peak=3 ids=4 xfer_ok=0 xfer_err=0 own=0 untracked=0
@9701 [GW] HEARTBEAT lider=3 rodada=1 sensores_ativos=2 modo=3 periodo=1000 ms
@9702 [GW] SENSOR sensor=2 rodada=1 valor=0xAA ativo=1
@10002 [STATUS TX] Requisicao global de status enviada
@10003 [GW] CONTROLE RX 23 21 1 1
@10003 [NODE 0] [STATUS RX] NODE 1 estado=ATIVO
@10003 [GW] CONTROLE RX 23 21 2 1
@10003 [NODE 0] [STATUS RX] NODE 2 estado=ATIVO
@10003 [GW] CONTROLE RX 23 21 3 0
@10003 [NODE 0] [STATUS RX] NODE 3 estado=LIDER
@10301 [GW] BUS_STATS t_ms=10300 win_ms=1000 frames=6 bits=523 load=0.10 peak=0.66 rx_err=0 tx_err=0 eflg=0x00 rx_peak=3 ids=5 xfer_ok=0 xfer_err=0 own=1 untracked=0
@10701 [GW] HEARTBEAT lider=3 rodada=2 sensores_ativos=2 modo=3 periodo=1000 ms
@10702 [GW] SENSOR sensor=1 rodada=2 valor=0xAA ativo=1
@11201 [GW] ID_STATS id=0x080 win_ms=5000 n=13 dlc=4 bits=1090 dt_min_us=37 dt_avg_us=677082 dt_max_us=5000500
@11301 [GW] BUS_STATS t_ms=11300 win_ms=1000 frames=2 bits=187 load=0.03 peak=0.37 rx_err=0 tx_err=0 eflg=0x00 rx_peak=3 ids=5 xfer_ok=0 xfer_err=0 own=0 untracked=0
@11701 [GW] HEARTBEAT lider=3 rodada=3 sensores_ativos=2 modo=3 periodo=1000 ms
@11702 [GW] SENSOR sensor=2 rodada=3 valor=0xAA ativo=1
@12301 [GW] BUS_STATS t_ms=12300 win_ms=1000 frames=2 bits=187 load=0.03 peak=0.37 rx_err=0 tx_err=0 eflg=0x00 rx_peak=3 ids=5 xfer_ok=0 xfer_err=0 own=0 untracked=0
@12701 [GW] ID_STATS id=0x060 win_ms=5000 n=1 dlc=1 bits=60 dt_min_us=0 dt_avg_us=0 dt_max_us=0
@12701 [GW] HEARTBEAT lider=3 rodada=4 sensores_ativos=2 modo=3 periodo=1000 ms
@12702 [GW] SENSOR sensor=1 rodada=4 valor=0xAA ativo=1
@13301 [GW] BUS_STATS t_ms=13300 win_ms=1000 frames=2 bits=188 load=0.03 peak=0.37 rx_err=0 tx_err=0 eflg=0x00 rx_peak=3 ids=5 xfer_ok=0 xfer_err=0 own=0 untracked=0
@13701 [GW] ID_STATS id=0x100 win_ms=5000 n=5 dlc=5 bits=472 dt_min_us=999963 dt_avg_us=999990 dt_max_us=1000000
@13701 [GW] HEARTBEAT lider=3 rodada=5 sensores_ativos=2 modo=3 periodo=1000 ms
# t=13702 comando: FAULT POWER_CYCLE 3 30
@13702 [GW] FAULT_TX kind=POWER_CYCLE node=3 duration_ms=30000 seq=1
@13702 [GW] SENSOR sensor=2 rodada=5 valor=0xAA ativo=1
@13714 [GW] FAULT_EVENT node=3 kind=POWER_CYCLE state=STARTED duration_ms=30000 seq=1
# t=14202 Probe 00 deixa de transmitir
@14301 [GW] BUS_STATS t_ms=14300 win_ms=1000 frames=4 bits=428 load=0.08 peak=0.85 rx_err=0 tx_err=0 eflg=0x00 rx_peak=3 ids=7 xfer_ok=0 xfer_err=0 own=1 untracked=0
@14702 [GW] ID_STATS id=0x200 win_ms=5000 n=5 dlc=5 bits=468 dt_min_us=1000000 dt_avg_us=1000009 dt_max_us=1000037
@15301 [GW] BUS_STATS t_ms=15300 win_ms=1000 frames=0 bits=0 load=0.00 peak=0.00 rx_err=0 tx_err=0 eflg=0x00 rx_peak=3 ids=7 xfer_ok=0 xfer_err=0 own=0 untracked=0
@16301 [GW] BUS_STATS t_ms=16300 win_ms=1000 frames=0 bits=0 load=0.00 peak=0.00 rx_err=0 tx_err=0 eflg=0x00 rx_peak=3 ids=7 xfer_ok=0 xfer_err=0 own=0 untracked=0
@17301 [GW] BUS_STATS t_ms=17300 win_ms=1000 frames=0 bits=0 load=0.00 peak=0.00 rx_err=0 tx_err=0 eflg=0x00 rx_peak=3 ids=7 xfer_ok=0 xfer_err=0 own=0 untracked=0
@17702 [GW] Falha detectada no lider NODE 3
@17702 [GW] Comando enviado: 22 00 FF 01
@18301 [GW] BUS_STATS t_ms=18300 win_ms=1000 frames=1 bits=84 load=0.01 peak=0.16 rx_err=0 tx_err=0 eflg=0x00 rx_peak=3 ids=7 xfer_ok=0 xfer_err=0 own=1 untracked=0
@18701 [GW] ID_STATS id=0x100 win_ms=5000 n=1 dlc=5 bits=95 dt_min_us=1000000 dt_avg_us=1000000 dt_max_us=1000000
@18741 [GW] ID_STATS id=0x305 win_ms=5039 n=1 dlc=8 bits=120 dt_min_us=0 dt_avg_us=0 dt_max_us=0
@18781 [GW] ID_STATS id=0x306 win_ms=5067 n=1 dlc=8 bits=119 dt_min_us=0 dt_avg_us=0 dt_max_us=0
@19301 [GW] BUS_STATS t_ms=19300 win_ms=1000 frames=0 bits=0 load=0.00 peak=0.00 rx_err=0 tx_err=0 eflg=0x00 rx_peak=3 ids=7 xfer_ok=0 xfer_err=0 own=0 untracked=0
@20282 [GW] CONTROLE RX 22 0 FF 1
@20282 [GW] Requisicao de eleicao observada
@20282 [GW] ELEICAO recebida de NODE 2
@20283 [GW] ELEICAO recebida de NODE 1
@20301 [GW] BUS_STATS t_ms=20300 win_ms=1000 frames=3 bits=204 load=0.04 peak=0.40 rx_err=0 tx_err=0 eflg=0x00 rx_peak=3 ids=7 xfer_ok=0 xfer_err=0 own=0 untracked=0
@21201 [GW] ID_STATS id=0x080 win_ms=5000 n=2 dlc=4 bits=168 dt_min_us=2580500 dt_avg_us=5139713 dt_max_us=7698926
@21241 [GW] ID_STATS id=0x050 win_ms=5000 n=2 dlc=1 bits=120 dt_min_us=463 dt_avg_us=9540463 dt_max_us=19080463
@21301 [GW] BUS_STATS t_ms=21300 win_ms=1000 frames=0 bits=0 load=0.00 peak=0.00 rx_err=0 tx_err=0 eflg=0x00 rx_peak=3 ids=7 xfer_ok=0 xfer_err=0 own=0 untracked=0
@22301 [GW] BUS_STATS t_ms=22300 win_ms=1000 frames=0 bits=0 load=0.00 peak=0.00 rx_err=0 tx_err=0 eflg=0x00 rx_peak=3 ids=7 xfer_ok=0 xfer_err=0 own=0 untracked=0
@23301 [GW] BUS_STATS t_ms=23300 win_ms=1000 frames=0 bits=0 load=0.00 peak=0.00 rx_err=0 tx_err=0 eflg=0x00 rx_peak=3 ids=7 xfer_ok=0 xfer_err=0 own=0 untracked=0
@24301 [GW] BUS_STATS t_ms=24300 win_ms=1000 frames=0 bits=0 load=0.00 peak=0.00 rx_err=0 tx_err=0 eflg=0x00 rx_peak=3 ids=7 xfer_ok=0 xfer_err=0 own=0 untracked=0
@25282 [GW] CONTROLE RX 23 50 1 1
@25282 [GW] Atualizacao de status recebida: [STATUS] NODE 1 estado=ATIVO
@25282 [GW] CONTROLE RX 23 50 2 0
@25282 [GW] Atualizacao de status recebida: [STATUS] NODE 2 estado=LIDER
@25282 [GW] CONTROLE RX 22 20 FF 0
@25282 [NODE 0] [STATUS TX] codigo=4
@25283 [GW] CONTROLE RX 23 21 1 1
@25283 [NODE 0] [STATUS RX] NODE 1 estado=ATIVO
@25301 [GW] BUS_STATS t_ms=25300 win_ms=1000 frames=5 bits=421 load=0.08 peak=0.84 rx_err=0 tx_err=0 eflg=0x00 rx_peak=3 ids=7 xfer_ok=0 xfer_err=0 own=1 untracked=0
@26201 [GW] ID_STATS id=0x080 win_ms=5000 n=5 dlc=4 bits=421 dt_min_us=37 dt_avg_us=1000100 dt_max_us=5000000
@26301 [GW] BUS_STATS t_ms=26300 win_ms=1000 frames=0 bits=0 load=0.00 peak=0.00 rx_err=0 tx_err=0 eflg=0x00 rx_peak=3 ids=7 xfer_ok=0 xfer_err=0 own=0 untracked=0
@26782 [GW] Lider anunciado: NODE 2
@26782 [GW] CONTROLE RX 23 50 2 0
@26782 [GW] Atualizacao de status recebida: [STATUS] NODE 2 estado=LIDER
@26782 [STATUS TX] Requisicao global de status enviada
@27301 [GW] BUS_STATS t_ms=27300 win_ms=1000 frames=3 bits=229 load=0.04 peak=0.45 rx_err=0 tx_err=0 eflg=0x00 rx_peak=3 ids=7 xfer_ok=0 xfer_err=0 own=1 untracked=0
@27701 [GW] ID_STATS id=0x060 win_ms=5000 n=1 dlc=1 bits=59 dt_min_us=19081000 dt_avg_us=19081000 dt_max_us=19081000
@27782 [GW] CONTROLE RX 23 50 2 0
@27782 [GW] Atualizacao de status recebida: [STATUS] NODE 2 estado=LIDER
@27782 [GW] HEARTBEAT lider=2 rodada=0 sensores_ativos=1 modo=3 periodo=1000 ms
# t=27783 lider substituido sem a Probe em 14080 ms
@28301 [GW] BUS_STATS t_ms=28300 win_ms=1000 frames=2 bits=182 load=0.03 peak=0.36 rx_err=0 tx_err=0 eflg=0x00 rx_peak=3 ids=7 xfer_ok=0 xfer_err=0 own=0 untracked=0
@28701 [GW] ID_STATS id=0x100 win_ms=5000 n=1 dlc=5 bits=96 dt_min_us=14081037 dt_avg_us=14081037 dt_max_us=14081037
@28782 [GW] HEARTBEAT lider=2 rodada=1 sensores_ativos=1 modo=3 periodo=1000 ms
@28783 [GW] SENSOR sensor=1 rodada=1 valor=0xAA ativo=1
@29301 [GW] BUS_STATS t_ms=29300 win_ms=1000 frames=2 bits=188 load=0.03 peak=0.37 rx_err=0 tx_err=0 eflg=0x00 rx_peak=3 ids=7 xfer_ok=0 xfer_err=0 own=0 untracked=0
@29702 [GW] ID_STATS id=0x200 win_ms=5000 n=1 dlc=5 bits=93 dt_min_us=15080963 dt_avg_us=15080963 dt_max_us=15080963
@29782 [GW] HEARTBEAT lider=2 rodada=2 sensores_ativos=1 modo=3 periodo=1000 ms
@29783 [GW] SENSOR sensor=1 rodada=2 valor=0xAA ativo=1
@30301 [GW] BUS_STATS t_ms=30300 win_ms=1000 frames=2 bits=188 load=0.03 peak=0.37 rx_err=0 tx_err=0 eflg=0x00 rx_peak=3 ids=7 xfer_ok=0 xfer_err=0 own=0 untracked=0
@30782 [GW] HEARTBEAT lider=2 rodada=3 sensores_ativos=1 modo=3 periodo=1000 ms
@30783 [GW] SENSOR sensor=1 rodada=3 valor=0xAA ativo=1
@31201 [GW] ID_STATS id=0x080 win_ms=5000 n=3 dlc=4 bits=256 dt_min_us=37 dt_avg_us=833166 dt_max_us=1499537
@31301 [GW] BUS_STATS t_ms=31300 win_ms=1000 frames=2 bits=187 load=0.03 peak=0.37 rx_err=0 tx_err=0 eflg=0x00 rx_peak=3 ids=7 xfer_ok=0 xfer_err=0 own=0 untracked=0
@31782 [GW] HEARTBEAT lider=2 rodada=4 sensores_ativos=1 modo=3 periodo=1000 ms
@31783 [GW] SENSOR sensor=1 rodada=4 valor=0xAA ativo=1
@32301 [GW] BUS_STATS t_ms=32300 win_ms=1000 frames=2 bits=188 load=0.03 peak=0.37 rx_err=0 tx_err=0 eflg=0x00 rx_peak=3 ids=7 xfer_ok=0 xfer_err=0 own=0 untracked=0
@32782 [GW] HEARTBEAT lider=2 rodada=5 sensores_ativos=1 modo=3 periodo=1000 ms
@32783 [GW] SENSOR sensor=1 rodada=5 valor=0xAA ativo=1
@33301 [GW] BUS_STATS t_ms=33300 win_ms=1000 frames=2 bits=189 load=0.03 peak=0.37 rx_err=0 tx_err=0 eflg=0x00 rx_peak=3 ids=7 xfer_ok=0 xfer_err=0 own=0 untracked=0
@33701 [GW] ID_STATS id=0x100 win_ms=5000 n=5 dlc=5 bits=473 dt_min_us=999963 dt_avg_us=999992 dt_max_us=1000000
@33782 [GW] HEARTBEAT lider=2 rodada=6 sensores_ativos=1 modo=3 periodo=1000 ms
@33783 [GW] SENSOR sensor=1 rodada=6 valor=0xAA ativo=1
@34301 [GW] BUS_STATS t_ms=34300 win_ms=1000 frames=2 bits=187 load=0.03 peak=0.37 rx_err=0 tx_err=0 eflg=0x00 rx_peak=3 ids=7 xfer_ok=0 xfer_err=0 own=0 untracked=0
@34702 [GW] ID_STATS id=0x200 win_ms=5000 n=5 dlc=5 bits=467 dt_min_us=1000000 dt_avg_us=1000000 dt_max_us=1000000
@34782 [GW] HEARTBEAT lider=2 rodada=7 sensores_ativos=1 modo=3 periodo=1000 ms
@34783 [GW] SENSOR sensor=1 rodada=7 valor=0xAA ativo=1
@35301 [GW] BUS_STATS t_ms=35300 win_ms=1000 frames=2 bits=188 load=0.03 peak=0.37 rx_err=0 tx_err=0 eflg=0x00 rx_peak=3 ids=7 xfer_ok=0 xfer_err=0 own=0 untracked=0
@35782 [GW] HEARTBEAT lider=2 rodada=8 sensores_ativos=1 modo=3 periodo=1000 ms
@35783 [GW] SENSOR sensor=1 rodada=8 valor=0xAA ativo=1
@36301 [GW] BUS_STATS t_ms=36300 win_ms=1000 frames=2 bits=187 load=0.03 peak=0.37 rx_err=0 tx_err=0 eflg=0x00 rx_peak=3 ids=7 xfer_ok=0 xfer_err=0 own=0 untracked=0
@36782 [GW] HEARTBEAT lider=2 rodada=9 sensores_ativos=1 modo=3 periodo=1000 ms
@36783 [GW] SENSOR sensor=1 rodada=9 valor=0xAA ativo=1
@36783 [STATUS TX] Requisicao global de status enviada
@37301 [GW] BUS_STATS t_ms=37300 win_ms=1000 frames=3 bits=272 load=0.05 peak=0.54 rx_err=0 tx_err=0 eflg=0x00 rx_peak=3 ids=7 xfer_ok=0 xfer_err=0 own=1 untracked=0
@37782 [GW] HEARTBEAT lider=2 rodada=10 sensores_ativos=1 modo=3 periodo=1000 ms
# fim t=37783 quadros=62 falhas=0
